// Jest Snapshot v1, https://goo.gl/fbAQLP

exports[`Component Textarea correct render 1`] = `
<textarea
  className={
    Object {
      "has": [Function],
      "is": [Function],
      "mix": [Function],
      "split": [Function],
      "state": [Function],
      "toString": [Function],
    }
  }
  name="testname"
  onChange={[MockFunction]}
  value="testvalue"
/>
`;
