// Jest Snapshot v1, https://goo.gl/fbAQLP

exports[`Component Page correct render without childs 1`] = `
<div
  className={
    Object {
      "has": [Function],
      "is": [Function],
      "mix": [Function],
      "split": [Function],
      "state": [Function],
      "toString": [Function],
    }
  }
>
  <div
    className={
      Object {
        "has": [Function],
        "is": [Function],
        "mix": [Function],
        "split": [Function],
        "state": [Function],
        "toString": [Function],
      }
    }
  />
  <div
    className={
      Object {
        "has": [Function],
        "is": [Function],
        "mix": [Function],
        "split": [Function],
        "state": [Function],
        "toString": [Function],
      }
    }
  >
    <div
      className={
        Object {
          "has": [Function],
          "is": [Function],
          "mix": [Function],
          "split": [Function],
          "state": [Function],
          "toString": [Function],
        }
      }
    >
      <div
        className={
          Object {
            "has": [Function],
            "is": [Function],
            "mix": [Function],
            "split": [Function],
            "state": [Function],
            "toString": [Function],
          }
        }
      />
      <div
        className={
          Object {
            "has": [Function],
            "is": [Function],
            "mix": [Function],
            "split": [Function],
            "state": [Function],
            "toString": [Function],
          }
        }
      />
    </div>
  </div>
  <div
    className={
      Object {
        "has": [Function],
        "is": [Function],
        "mix": [Function],
        "split": [Function],
        "state": [Function],
        "toString": [Function],
      }
    }
  >
    <div
      className={
        Object {
          "has": [Function],
          "is": [Function],
          "mix": [Function],
          "split": [Function],
          "state": [Function],
          "toString": [Function],
        }
      }
    />
  </div>
</div>
`;
