// Jest Snapshot v1, https://goo.gl/fbAQLP

exports[`Component ScoreCounter correct render 1`] = `
<span
  className="score-counter"
>
  1000
</span>
`;
