// Jest Snapshot v1, https://goo.gl/fbAQLP

exports[`Component PrivateRoute render if user is authenticated 1`] = `
<div>
  Component
</div>
`;
